Could not connect to engine on localhost:9076.
Error details:  401 from ws server: websocket: bad handshake
