---------- Fields ----------
+-----------+----------+-----+--------------------+---------+----------------+
|   Field   | Uniq/Tot | RAM |        Tags        | datacsv | Sample content |
+-----------+----------+-----+--------------------+---------+----------------+
| a         |        1 |  11 | $numeric, $integer | 1/1     |              1 |
+-----------+----------+-----+--------------------+---------+----------------+
| b         |        1 |  11 | $numeric, $integer | 1/1     |              2 |
+-----------+----------+-----+--------------------+---------+----------------+
| c         |        1 |  11 | $numeric, $integer | 1/1     |              3 |
+-----------+----------+-----+--------------------+---------+----------------+
| Total RAM |            152 |                         0    |                 
+-----------+----------+-----+--------------------+---------+----------------+
---------- Tables ----------
+---------+-----------+-----+---------+
|  Name   | Row count | RAM | Fields  |
+---------+-----------+-----+---------+
| datacsv |         1 |   0 | a, b, c |
+---------+-----------+-----+---------+
|           Total RAM | 152 |          
+---------+-----------+-----+---------+
---------- Associations ----------
+----------+---------------+
| Field(s) | Linked tables |
+----------+---------------+
+----------+---------------+
