[
   {
      "qId": "measure-1",
      "qType": "measure"
   },
   {
      "qId": "measure-2",
      "qType": "measure"
   }
]
