Connected to project1.qvf @ localhost:9076
The data model has 2 tables.