Id                                     Type
my-hypercube                           my-hypercube
