No app specified, using session app instead
datacsv << data 1 Lines fetched
Reload finished successfully
