LIB CONNECT TO myconnection;

TableA:
SELECT A;

TableB:
SELECT B;

