Please provide a valid URL starting with 'https://', 'http://' or 'www'
