+-----------+----------+-----+--------------------------+--------+--------+----------------+
|   Field   | Uniq/Tot | RAM |           Tags           | TableA | TableB | Sample content |
+-----------+----------+-----+--------------------------+--------+--------+----------------+
| numbers   |        5 |  55 | $key, $numeric, $integer | 5/5*   | 5/5*   | 1, 2, 3, 4, 5  |
+-----------+----------+-----+--------------------------+--------+--------+----------------+
| abcs      | 3/5      |  21 | $ascii, $text            | 3/5    |        | b(3), a, c     |
+-----------+----------+-----+--------------------------+--------+--------+----------------+
| xyz       | 3/5      |  21 | $ascii, $text            |        | 3/5    | y(3), x, z     |
+-----------+----------+-----+--------------------------+--------+--------+----------------+
| Total RAM |            279 |                              18   |   18   |                 
+-----------+----------+-----+--------------------------+--------+--------+----------------+
