Connected
TableA <<  5 Lines fetched
TableB <<  5 Lines fetched
Connected
TableA <<  5 Lines fetched
TableB <<  5 Lines fetched
Reload finished successfully
Saving...Done

