<-- {"jsonrpc":"2.0","method":"OnConnected","params":{"qSessionState":"SESSION_ATTACHED"}}
--> {"jsonrpc":"2.0","delta":false,"method":"GetActiveDoc","handle":-1,"id":1,"params":[]}
<-- {"jsonrpc":"2.0","id":1,"result":{"qReturn":{"qType":"Doc","qHandle":1,"qGenericId":"/apps/corectl_test_app.qvf"}}}
--> {"jsonrpc":"2.0","delta":false,"method":"SetScript","handle":1,"id":2,"params":["LIB CONNECT TO myconnection;\n\nTableA:\nSELECT A;\n"]}
<-- {"jsonrpc":"2.0","id":2,"result":{}}
Saving app... --> {"jsonrpc":"2.0","delta":false,"method":"DoSave","handle":1,"id":3,"params":[""]}
<-- {"jsonrpc":"2.0","id":3,"result":{},"change":[1]}
Done

