[
  {
    "qId": "measure-1",
    "title": ""
  },
  {
    "qId": "measure-2",
    "title": ""
  },
  {
    "qId": "measure-3",
    "title": ""
  }
]
