object-using-dims-and-measures
object-using-inline
