Connected to TestAppsInABAC @ localhost:9276
The data model has 1 table.
