{
  "qInfo": {
    "qId": "variable-abc",
    "qType": "variable"
  },
  "qMetaDef": {},
  "qName": "variable-abc",
  "qComment": "First three letters of the alphabet",
  "qNumberPresentation": {
    "qType": "U",
    "qnDec": 10,
    "qUseThou": 0
  },
  "qDefinition": "1",
  "tags": []
}
