[
  {
    "qId": "measure-count-numbers",
    "title": ""
  },
  {
    "qId": "measure-sum-numbers",
    "title": ""
  }
]
