New connection created with id: <filtered for gold shininess>
Connected
TableA <<  5 Lines fetched
TableB <<  5 Lines fetched
Reload finished successfully
Saving app... Done

