+----------+--------------------+
| Field(s) |   Linked tables    |
+----------+--------------------+
| numbers  | TableA <--> TableB |
+----------+--------------------+
