Error: unknown flag: --nosave
Usage:
  corectl reload [flags]

Examples:
corectl reload

Flags:
  -h, --help      help for reload
      --no-save   Do not save the app
      --silent    Do not log reload output

Global Flags:
  -a, --app string               Name or identifier of the app
  -c, --config string            path/to/config.yml where parameters can be set instead of on the command line
  -e, --engine string            URL to the Qlik Associative Engine (default "localhost:9076")
      --headers stringToString   Http headers to use when connecting to Qlik Associative Engine (default [])
      --json                     Returns output in JSON format if possible, disables verbose and traffic output
      --no-data                  Open app without data
  -t, --traffic                  Log JSON websocket traffic to stdout
      --ttl string               Qlik Associative Engine session time to live in seconds (default "0")
  -v, --verbose                  Log extra information

