corectl contains various commands to interact with the Qlik Associative Engine. See respective command for more information

Usage:
  corectl [flags]
  corectl [command]

App Building Commands:
  build         Reload and save the app after updating connections, dimensions, measures, objects and the script
  reload        Reload and save the app
  unbuild       Split up an existing app into separate json and yaml files

App Analysis Commands:
  assoc         Print table associations
  catwalk       Open the specified app in catwalk
  eval          Evaluate a list of measures and dimensions
  fields        Print field list
  keys          Print key-only field list
  meta          Print tables, fields and associations
  tables        Print tables
  values        Print the top values of a field

Advanced Commands:
  app           Explore and manage apps
  bookmark      Explore and manage bookmarks
  connection    Explore and manage connections
  dimension     Explore and manage dimensions
  measure       Explore and manage measures
  object        Explore and manage generic objects
  script        Explore and manage the script
  variable      Explore and manage variables

Other Commands:
  completion    Generate auto completion scripts
  help          Help about any command
  status        Print status info about the connection to the engine and current app
  version       Print the version of corectl

Flags:
  -a, --app string               Name or identifier of the app
      --certificates string      path/to/folder containing client.pem, client_key.pem and root.pem certificates
  -c, --config string            path/to/config.yml where parameters can be set instead of on the command line
  -e, --engine string            URL to the Qlik Associative Engine (default "<host>:<port>")
      --headers stringToString   Http headers to use when connecting to Qlik Associative Engine (default [])
  -h, --help                     help for corectl
      --json                     Returns output in JSON format if possible, disables verbose and traffic output
      --no-data                  Open app without data
  -t, --traffic                  Log JSON websocket traffic to stdout
      --ttl string               Qlik Associative Engine session time to live in seconds (default "0")
  -v, --verbose                  Log extra information

Use "corectl [command] --help" for more information about a command.
