{
  "qInfo": {
    "qId": "object-using-inline",
    "qType": "my-hypercube"
  },
  "qMeta": {
    "privileges": [
      "read",
      "update",
      "delete",
      "exportdata"
    ]
  },
  "qSelectionInfo": {},
  "qHyperCube": {
    "qSize": {
      "qcx": 2,
      "qcy": 3
    },
    "qDimensionInfo": [
      {
        "qFallbackTitle": "xyz",
        "qApprMaxGlyphCount": 1,
        "qCardinal": 3,
        "qSortIndicator": "N",
        "qGroupFallbackTitles": [
          "xyz"
        ],
        "qGroupPos": 0,
        "qStateCounts": {
          "qLocked": 0,
          "qSelected": 0,
          "qOption": 3,
          "qDeselected": 0,
          "qAlternative": 0,
          "qExcluded": 0,
          "qSelectedExcluded": 0,
          "qLockedExcluded": 0
        },
        "qTags": [
          "$ascii",
          "$text"
        ],
        "qDimensionType": "D",
        "qGrouping": "N",
        "qNumFormat": {
          "qType": "U",
          "qnDec": 0,
          "qUseThou": 0
        },
        "qIsAutoFormat": true,
        "qGroupFieldDefs": [
          "xyz"
        ],
        "qMin": "NaN",
        "qMax": "NaN",
        "qAttrExprInfo": [],
        "qAttrDimInfo": [],
        "qCardinalities": {
          "qCardinal": 3,
          "qHypercubeCardinal": 3,
          "qAllValuesCardinal": -1
        }
      }
    ],
    "qMeasureInfo": [
      {
        "qFallbackTitle": "count(numbers)",
        "qApprMaxGlyphCount": 1,
        "qCardinal": 0,
        "qSortIndicator": "A",
        "qNumFormat": {
          "qType": "I",
          "qnDec": 0,
          "qUseThou": 1,
          "qFmt": "###0",
          "qDec": "."
        },
        "qMin": 1,
        "qMax": 3,
        "qIsAutoFormat": true,
        "qAttrExprInfo": [],
        "qAttrDimInfo": []
      }
    ],
    "qEffectiveInterColumnSortOrder": [
      0,
      1
    ],
    "qGrandTotalRow": [
      {
        "qText": "5",
        "qNum": 5,
        "qElemNumber": -1,
        "qState": "X",
        "qIsTotalCell": true
      }
    ],
    "qDataPages": [
      {
        "qMatrix": [
          [
            {
              "qText": "x",
              "qNum": "NaN",
              "qElemNumber": 0,
              "qState": "O"
            },
            {
              "qText": "1",
              "qNum": 1,
              "qElemNumber": 0,
              "qState": "L"
            }
          ],
          [
            {
              "qText": "y",
              "qNum": "NaN",
              "qElemNumber": 1,
              "qState": "O"
            },
            {
              "qText": "3",
              "qNum": 3,
              "qElemNumber": 0,
              "qState": "L"
            }
          ],
          [
            {
              "qText": "z",
              "qNum": "NaN",
              "qElemNumber": 2,
              "qState": "O"
            },
            {
              "qText": "1",
              "qNum": 1,
              "qElemNumber": 0,
              "qState": "L"
            }
          ]
        ],
        "qTails": [
          {
            "qUp": 0,
            "qDown": 0
          }
        ],
        "qArea": {
          "qLeft": 0,
          "qTop": 0,
          "qWidth": 2,
          "qHeight": 3
        }
      }
    ],
    "qPivotDataPages": [],
    "qStackedDataPages": [],
    "qMode": "S",
    "qNoOfLeftDims": -1,
    "qTreeNodesOnDim": [],
    "qColumnOrder": [],
    "customProperty": "should be filtered by the minimum flag"
  }
}
