+-----------------------+-------+
|          ID           | Title |
+-----------------------+-------+
| measure-count-numbers |       |
| measure-sum-numbers   |       |
+-----------------------+-------+
