[
  {
    "qId": "variable-abc",
    "title": "variable-abc"
  },
  {
    "qId": "variable-xyz",
    "title": "variable-xyz"
  }
]
