Reload finished successfully
Saving app...
App successfully saved
