[
  {
    "qId": "a699ee97-152d-4470-9655-ae7c82d71491",
    "qType": "sheet",
    "title": ""
  },
  {
    "qId": "gCCkr",
    "qType": "auto-chart",
    "title": ""
  },
  {
    "qId": "sZAVcpj",
    "qType": "auto-chart",
    "title": ""
  }
]
