[
  {
    "qId": "bookmark-2",
    "title": "Håkan #2"
  },
  {
    "qId": "bookmark-1",
    "title": "Håkan #1"
  }
]
