[
  {
    "qId": "dimension-abcs",
    "title": ""
  },
  {
    "qId": "dimension-xyz",
    "title": ""
  }
]
