+-----+----------------+
| xyz | Count(numbers) |
+-----+----------------+
| x   |              1 |
| y   |              3 |
| z   |              1 |
+-----+----------------+
