+--------------+--------------+
|      ID      |    Title     |
+--------------+--------------+
| variable-abc | variable-abc |
| variable-xyz | variable-xyz |
+--------------+--------------+
