[
  {
    "qId": "my-hypercube",
    "qType": "my-hypercube",
    "title": ""
  }
]
