Connected to TestBasicAnalyzing @ <host>:<port>
The data model has 2 tables.
