+----------------+-------+
|       ID       | Title |
+----------------+-------+
| dimension-abcs |       |
| dimension-xyz  |       |
+----------------+-------+
